// Jest Snapshot v1, https://goo.gl/fbAQLP

exports[`returns the plain text value 1`] = `
<DocumentFragment>
  <div
    class="govuk-form-group"
  >
    <label
      class="govuk-label"
    >
      input
    </label>
    <textarea
      class="govuk-textarea govuk-!-margin-bottom-2"
      data-testid="input-text-area"
      rows="5"
    />
  </div>
</DocumentFragment>
`;
