// Jest Snapshot v1, https://goo.gl/fbAQLP

exports[`returns the plain text value 1`] = `
<DocumentFragment>
  <div
    class="govuk-form-group"
  >
    <h1
      class="govuk-label-wrapper"
    >
      <label
        class="govuk-label govuk-label--m"
      >
        input
      </label>
    </h1>
    <textarea
      class="govuk-textarea govuk-!-margin-bottom-2"
      data-testid="input-text-area"
      rows="5"
    />
  </div>
</DocumentFragment>
`;
