// Jest Snapshot v1, https://goo.gl/fbAQLP

exports[`Radios calls onChange 1`] = `
<DocumentFragment>
  <div
    class="govuk-form-group"
  >
    <fieldset
      class="govuk-fieldset"
      id="radio"
    >
      <legend
        class="govuk-fieldset__legend govuk-fieldset__legend--l"
      >
        <h1
          class="govuk-fieldset__heading"
        >
          radio
        </h1>
      </legend>
      <div
        class="govuk-radios"
        data-module="govuk-radios"
      >
        <div
          class="govuk-radios__item"
        >
          <input
            class="govuk-radios__input"
            id="y"
            name="radios"
            role="radio-input"
            type="radio"
            value="y"
          />
          <label
            class="govuk-label govuk-radios__label"
            for="y"
          >
            Yes
          </label>
        </div>
        <div
          class="govuk-radios__item"
        >
          <input
            class="govuk-radios__input"
            id="n"
            name="radios"
            role="radio-input"
            type="radio"
            value="n"
          />
          <label
            class="govuk-label govuk-radios__label"
            for="n"
          >
            No
          </label>
        </div>
      </div>
    </fieldset>
  </div>
</DocumentFragment>
`;

exports[`Radios displays 1 radio input for each option 1`] = `
<DocumentFragment>
  <div
    class="govuk-form-group"
  >
    <fieldset
      class="govuk-fieldset"
      id="radio"
    >
      <legend
        class="govuk-fieldset__legend govuk-fieldset__legend--l"
      >
        <h1
          class="govuk-fieldset__heading"
        >
          radio
        </h1>
      </legend>
      <div
        class="govuk-radios"
        data-module="govuk-radios"
      >
        <div
          class="govuk-radios__item"
        >
          <input
            class="govuk-radios__input"
            id="y"
            name="radios"
            role="radio-input"
            type="radio"
            value="y"
          />
          <label
            class="govuk-label govuk-radios__label"
            for="y"
          >
            Yes
          </label>
        </div>
        <div
          class="govuk-radios__item"
        >
          <input
            class="govuk-radios__input"
            id="n"
            name="radios"
            role="radio-input"
            type="radio"
            value="n"
          />
          <label
            class="govuk-label govuk-radios__label"
            for="n"
          >
            No
          </label>
        </div>
      </div>
    </fieldset>
  </div>
</DocumentFragment>
`;
