// Jest Snapshot v1, https://goo.gl/fbAQLP

exports[`FileUpload calls onChange with the right value when input changes 1`] = `
<DocumentFragment>
  <div
    class="govuk-form-group"
  >
    <label
      class="govuk-label govuk-label--m"
      for="file-upload"
    >
      Upload a file
    </label>
    <input
      accept=".csv"
      class="govuk-file-upload"
      id="file-upload"
      type="file"
    />
  </div>
</DocumentFragment>
`;
